============================= test session starts =============================
platform win32 -- Python 3.11.15, pytest-9.0.3, pluggy-1.6.0
rootdir: D:\1aa-workspace\MeteorologicalPlatform\TyAgent
configfile: pyproject.toml
plugins: anyio-4.13.0, langsmith-0.8.11, asyncio-1.4.0
asyncio: mode=Mode.AUTO, debug=False, asyncio_default_fixture_loop_scope=None, asyncio_default_test_loop_scope=function
collected 37 items

tests\test_sessions_api.py ...                                           [  8%]
tests\test_sessions_v1_5_integration.py ...............                  [ 48%]
tests\test_chat_service_v1_5_integration.py .....                        [ 62%]
tests\test_kb_v1_5_integration.py ..............                         [100%]

============================== warnings summary ===============================
tests/test_kb_v1_5_integration.py::test_kb_create_invalid_chunk_overlap_400
tests/test_kb_v1_5_integration.py::test_kb_update_immutable_field_blocked_at_schema
  C:\Users\lvjinhu\AppData\Local\miniconda3\envs\geo_agent\Lib\site-packages\starlette\_exception_handler.py:59: DeprecationWarning: 'HTTP_422_UNPROCESSABLE_ENTITY' is deprecated. Use 'HTTP_422_UNPROCESSABLE_CONTENT' instead.
    response = await handler(conn, exc)  # type: ignore[arg-type]

-- Docs: https://docs.pytest.org/en/stable/how-to/capture-warnings.html
================== 37 passed, 2 warnings in 94.18s (0:01:34) ==================
